// Jest Snapshot v1, https://goo.gl/fbAQLP

exports[`User should render the entire user profile 1`] = `"<div class=\\"user-container-clickable\\"><div class=\\"row\\"><div class=\\"inline\\"><div class=\\"profile-container\\"><div class=\\"inline\\"><div class=\\"profile-avatar-medium\\" style=\\"background-image:url(undefined)\\"></div></div><div class=\\"profile-name\\"><div class=\\"name\\">nguyen nguyen</div></div></div></div><div><i class=\\"fa fa-user\\" aria-hidden=\\"true\\"></i> andy nguyen</div><h5>Personal Details</h5><div><span><i class=\\"fa fa-envelope-o\\" aria-hidden=\\"true\\"></i> Email: admin@test.com</span></div><div><span><i class=\\"fa fa-id-card\\" aria-hidden=\\"true\\"></i> Role: admin</span></div><div><span><i class=\\"fa fa-phone\\" aria-hidden=\\"true\\"></i> Tel: 09393093093</span></div></div></div>"`;
